// Jest Snapshot v1, https://goo.gl/fbAQLP

exports[`SegmentedTabs snapshot matches snapshot 1`] = `
<View
  style={
    {
      "backgroundColor": "#d7e8f7",
      "borderRadius": 999,
      "flexDirection": "row",
      "gap": 6,
      "padding": 6,
    }
  }
>
  <View
    accessibilityState={
      {
        "busy": undefined,
        "checked": undefined,
        "disabled": undefined,
        "expanded": undefined,
        "selected": undefined,
      }
    }
    accessibilityValue={
      {
        "max": undefined,
        "min": undefined,
        "now": undefined,
        "text": undefined,
      }
    }
    accessible={true}
    collapsable={false}
    focusable={true}
    onBlur={[Function]}
    onClick={[Function]}
    onFocus={[Function]}
    onResponderGrant={[Function]}
    onResponderMove={[Function]}
    onResponderRelease={[Function]}
    onResponderTerminate={[Function]}
    onResponderTerminationRequest={[Function]}
    onStartShouldSetResponder={[Function]}
    style={
      [
        {
          "alignItems": "center",
          "borderRadius": 999,
          "flex": 1,
          "paddingVertical": 8,
        },
        {
          "backgroundColor": "#1f5a8a",
        },
      ]
    }
  >
    <Text
      style={
        [
          {
            "color": "#1f5a8a",
            "fontSize": 13,
            "fontWeight": "700",
          },
          {
            "color": "#ffffff",
          },
        ]
      }
    >
      Overview
    </Text>
  </View>
  <View
    accessibilityState={
      {
        "busy": undefined,
        "checked": undefined,
        "disabled": undefined,
        "expanded": undefined,
        "selected": undefined,
      }
    }
    accessibilityValue={
      {
        "max": undefined,
        "min": undefined,
        "now": undefined,
        "text": undefined,
      }
    }
    accessible={true}
    collapsable={false}
    focusable={true}
    onBlur={[Function]}
    onClick={[Function]}
    onFocus={[Function]}
    onResponderGrant={[Function]}
    onResponderMove={[Function]}
    onResponderRelease={[Function]}
    onResponderTerminate={[Function]}
    onResponderTerminationRequest={[Function]}
    onStartShouldSetResponder={[Function]}
    style={
      [
        {
          "alignItems": "center",
          "borderRadius": 999,
          "flex": 1,
          "paddingVertical": 8,
        },
        false,
      ]
    }
  >
    <Text
      style={
        [
          {
            "color": "#1f5a8a",
            "fontSize": 13,
            "fontWeight": "700",
          },
          false,
        ]
      }
    >
      Editions
    </Text>
  </View>
</View>
`;
